[NETWORK] sheet="số phòng chi nhánh"; valid bank-years=369; banks=31; years=2014-2025
[NETWORK MERGE] private panel N=286; matched=284 (99.3%); missing=2
common sample 268 26 2015 2025

Bank counts:
Mã
ABB           11
ACB           11
BAB           11
BAOVIETBAN    11
BVB            9
EIB           11
HDB           11
KLB           11
LPB            9
MBB           11
MSB            9
NAB            9
NVB           11
OCB           10
PCB            8
PGB           11
SGB           10
SHB           11
SSB           10
STB           11
TCB           11
TPB           11
VAB            9
VBB            9
VIB           11
VPB           11

Predictor correlations:
              CASA  SW_delta  SW_stock
CASA      1.000000  0.618769  0.635408
SW_delta  0.618769  1.000000  0.896347
SW_stock  0.635408  0.896347  1.000000

Approx predictor VIFs:
CASA 1.7125342184550643
SW_delta 5.194850410569259
SW_stock 5.376660241930467

JOINT BASELINE CI
CASA {'coef': 0.0017701185443110257, 'se': 0.00032625163883934373, 't': 5.425623456201813, 'p': 1.2441553943960734e-05, 'df': 25}
SW_delta {'coef': 0.001962979552615771, 'se': 0.0005776777649949659, 't': 3.398052810000186, 'p': 0.002277836555736659, 'df': 25}
SW_stock {'coef': -0.0028868264968042795, 'se': 0.0007514556775371776, 't': -3.8416457325408344, 'p': 0.0007432454672791308, 'df': 25}

JOINT TEMPORAL
CASAxPost {'coef': 0.0002642534540613134, 'se': 0.0006203301610384264, 't': 0.42598840207762234, 'p': 0.6737615696033572, 'df': 25}
SW_deltaxPost {'coef': 0.0012503178800838174, 'se': 0.0009044255963795235, 't': 1.382444155814391, 'p': 0.1790619358498005, 'df': 25}
SW_stockxPost {'coef': -0.00451329052681639, 'se': 0.0031970339704880646, 't': -1.411711783008481, 'p': 0.17036082776632255, 'df': 25}

JOINT H4
NonAssetMinusAsset_raw
  CASA {'coef': 0.0015803419027773736, 'se': 0.0004023427610102299, 't': 3.9278497239750063, 'p': 0.0005961733166201574, 'df': 25}
  SW_delta {'coef': 0.001609963461300849, 'se': 0.0005844355413362024, 't': 2.7547322971152113, 'p': 0.010794366612971257, 'df': 25}
  SW_stock {'coef': -0.0028621848324160873, 'se': 0.0008078962835452218, 't': -3.5427627168381166, 'p': 0.001585722401622994, 'df': 25}
AssetCostShare_raw
  CASA {'coef': -0.014753712434369804, 'se': 0.009347822221264698, 't': -1.5783047735768476, 'p': 0.12706662607280783, 'df': 25}
  SW_delta {'coef': -0.0033926435282038165, 'se': 0.006769184575294388, 't': -0.5011893959260628, 'p': 0.6206224814929862, 'df': 25}
  SW_stock {'coef': 0.02371049468639565, 'se': 0.012377208733298464, 't': 1.9156576573365198, 'p': 0.0669134139956525, 'df': 25}
Staff_raw
  CASA {'coef': 0.0008498431927128704, 'se': 0.0002552894886896161, 't': 3.328939225328308, 'p': 0.0027044509956704963, 'df': 25}
  SW_delta {'coef': 0.0008829353519896348, 'se': 0.0005071395171344916, 't': 1.7410107517917668, 'p': 0.09397701384076117, 'df': 25}
  SW_stock {'coef': -0.001985929140615618, 'se': 0.000662017187265455, 't': -2.999815078546144, 'p': 0.006040862881549982, 'df': 25}
AssetCost_raw
  CASA {'coef': 9.021526113742595e-05, 'se': 0.0001395842633924377, 't': 0.6463139822845787, 'p': 0.5239654594334666, 'df': 25}
  SW_delta {'coef': 0.00026722097578496274, 'se': 0.00013717393305455336, 't': 1.9480448641702963, 'p': 0.06272093077887073, 'df': 25}
  SW_stock {'coef': -0.00011690188208299037, 'se': 0.00019672169294264555, 't': -0.59425008159661, 'p': 0.557684766082458, 'df': 25}
Other_raw
  CASA {'coef': 0.0008207139712019302, 'se': 0.0002638378506465025, 't': 3.1106756259227804, 'p': 0.004621136449422104, 'df': 25}
  SW_delta {'coef': 0.000994249085096177, 'se': 0.00018847147551950063, 't': 5.27532923672211, 'p': 1.8309318281060555e-05, 'df': 25}
  SW_stock {'coef': -0.00099315757388346, 'se': 0.0002834909236127435, 't': -3.503313479059178, 'p': 0.0017508834956969713, 'df': 25}

JOINT NETWORK ln count
CASA {'coef': -0.026114406936066592, 'se': 0.058256496507243155, 't': -0.4482660046818938, 'p': 0.6578221955643405, 'df': 25}
SW_delta {'coef': -0.02816031122539553, 'se': 0.02151773907962183, 't': -1.308702142041702, 'p': 0.20253881416097383, 'df': 25}
SW_stock {'coef': -0.03745864558121281, 'se': 0.02810092661168913, 't': -1.3330039289747533, 'p': 0.19455179625398017, 'df': 25}

JOINT SIZE BIG interactions
CASAxBIG {'coef': -0.0006088856745945148, 'se': 0.0006672694804320141, 't': -0.9125034074693487, 'p': 0.3702199483626869, 'df': 25}
SW_deltaxBIG {'coef': -0.0005846065661072152, 'se': 0.0011234723807342338, 't': -0.520356865137309, 'p': 0.6073929015031247, 'df': 25}
SW_stockxBIG {'coef': -0.0037483921050583957, 'se': 0.0033380253555903515, 't': -1.1229369779294167, 'p': 0.2721330214346054, 'df': 25}

Saved D:\BANK\research_project\06_outputs\run_20260920\THREE_VARIABLE_JOINT_RESULTS_RERUN.csv
